[slurm] Job ID: 24056915
Thu Feb 19 21:47:17 2026       
+-----------------------------------------------------------------------------------------+
| NVIDIA-SMI 575.57.08              Driver Version: 575.57.08      CUDA Version: 12.9     |
|-----------------------------------------+------------------------+----------------------+
| GPU  Name                 Persistence-M | Bus-Id          Disp.A | Volatile Uncorr. ECC |
| Fan  Temp   Perf          Pwr:Usage/Cap |           Memory-Usage | GPU-Util  Compute M. |
|                                         |                        |               MIG M. |
|=========================================+========================+======================|
|   0  NVIDIA A100 80GB PCIe          On  |   00000000:12:00.0 Off |                    0 |
| N/A   34C    P0             43W /  300W |       0MiB /  81920MiB |      0%      Default |
|                                         |                        |             Disabled |
+-----------------------------------------+------------------------+----------------------+
|   1  NVIDIA A100 80GB PCIe          On  |   00000000:13:00.0 Off |                    0 |
| N/A   35C    P0             44W /  300W |       0MiB /  81920MiB |      0%      Default |
|                                         |                        |             Disabled |
+-----------------------------------------+------------------------+----------------------+
|   2  NVIDIA A100 80GB PCIe          On  |   00000000:14:00.0 Off |                    0 |
| N/A   34C    P0             43W /  300W |       0MiB /  81920MiB |      0%      Default |
|                                         |                        |             Disabled |
+-----------------------------------------+------------------------+----------------------+
|   3  NVIDIA A100 80GB PCIe          On  |   00000000:48:00.0 Off |                    0 |
| N/A   35C    P0             43W /  300W |       0MiB /  81920MiB |      0%      Default |
|                                         |                        |             Disabled |
+-----------------------------------------+------------------------+----------------------+
|   4  NVIDIA A100 80GB PCIe          On  |   00000000:89:00.0 Off |                    0 |
| N/A   35C    P0             45W /  300W |       0MiB /  81920MiB |      0%      Default |
|                                         |                        |             Disabled |
+-----------------------------------------+------------------------+----------------------+
|   5  NVIDIA A100 80GB PCIe          On  |   00000000:8A:00.0 Off |                    0 |
| N/A   44C    P0             47W /  300W |       0MiB /  81920MiB |      0%      Default |
|                                         |                        |             Disabled |
+-----------------------------------------+------------------------+----------------------+
|   6  NVIDIA A100 80GB PCIe          On  |   00000000:C0:00.0 Off |                    0 |
| N/A   36C    P0             44W /  300W |       0MiB /  81920MiB |      0%      Default |
|                                         |                        |             Disabled |
+-----------------------------------------+------------------------+----------------------+
|   7  NVIDIA A100 80GB PCIe          On  |   00000000:C1:00.0 Off |                    0 |
| N/A   35C    P0             43W /  300W |       0MiB /  81920MiB |      0%      Default |
|                                         |                        |             Disabled |
+-----------------------------------------+------------------------+----------------------+
                                                                                         
+-----------------------------------------------------------------------------------------+
| Processes:                                                                              |
|  GPU   GI   CI              PID   Type   Process name                        GPU Memory |
|        ID   ID                                                               Usage      |
|=========================================================================================|
|  No running processes found                                                             |
+-----------------------------------------------------------------------------------------+
[slurm] gpu_count=8 gpu_ids=0 1 2 3 4 5 6 7
[slurm] gpu_mem_mib=81920 num_envs_per_gpu=4 num_envs_per_node=32
[slurm] run_config=rl_finetuning/configs/train_parallel_idun.env
[slurm] checkpoint=outputs/checkpoints/tfv6_resnet34 logdir=outputs/rl_logs exp_name=TFV6_PPO_PARALLEL_SLURM_24056915
[train-tfv6-ppo-parallell] checkpoint=/cluster/home/erikhbj/master/master-spring-ad-lead/outputs/checkpoints/tfv6_resnet34
[train-tfv6-ppo-parallell] logdir=/cluster/home/erikhbj/master/master-spring-ad-lead/outputs/rl_logs
[train-tfv6-ppo-parallell] exp_name=TFV6_PPO_PARALLEL_SLURM_24056915
[train-tfv6-ppo-parallell] carla_root=/cluster/home/erikhbj/master/master-spring-ad-lead/3rd_party/CARLA_0915
[train-tfv6-ppo-parallell] num_envs_per_node=32 num_envs_per_gpu=4
[train-tfv6-ppo-parallell] num_nodes=1 node_id=0 rdzv=127.0.0.1:29500
[train-tfv6-ppo-parallell] train_towns=1 2 3 4 5 6 7 10 1 2 3 4 5 6 7 10 1 2 3 4 5 6 7 10 1 2 3 4 5 6 7 10 routes_folder=1000_meters_old_scenarios_02
[train-tfv6-ppo-parallell] carla_server_profile=tfv6_sensor_safe (threading_on, no_rendering_mode=False)
[train-tfv6-ppo-parallell] carla_threads rpc=8 streaming=8 secondary=8
[train-tfv6-ppo-parallell] steps_per_env=256 total_num_envs=32 (derived batch sizing enabled)
[train-tfv6-ppo-parallell] total_batch_size=8192 total_minibatch_size=2048 update_epochs=2 total_timesteps=10000000
[launcher] process_logs=/cluster/home/erikhbj/master/master-spring-ad-lead/outputs/rl_logs/logs_24056915
Start server 0
Start client 0
Start server 1
Start client 1
Start server 2
Start client 2
Start server 3
Start client 3
Start server 4
Start client 4
Start server 5
Start client 5
Start server 6
Start client 6
Start server 7
Start client 7
Start server 8
Start client 8
Start server 9
Start client 9
Start server 10
Start client 10
Start server 11
Start client 11
Start server 12
Start client 12
Start server 13
Start client 13
Start server 14
Start client 14
Start server 15
Start client 15
Start server 16
Start client 16
Start server 17
Start client 17
Start server 18
Start client 18
Start server 19
Start client 19
Start server 20
Start client 20
Start server 21
Start client 21
Start server 22
Start client 22
Start server 23
Start client 23
Start server 24
Start client 24
Start server 25
Start client 25
Start server 26
Start client 26
Start server 27
Start client 27
Start server 28
Start client 28
Start server 29
Start client 29
Start server 30
Start client 30
Start server 31
Start client 31
Carla server crashed
Carla server crashed
Carla server crashed
Carla server crashed
Carla server crashed
Carla server crashed
Carla server crashed
Carla server crashed
Carla server crashed
Server 0 terminated
Server 2 terminated
Server 4 terminated
Server 9 terminated
Server 12 terminated
Server 16 terminated
Server 18 terminated
Server 19 terminated
Server 24 terminated
Server 6 terminated
Server 22 terminated
Server 25 terminated
Server 15 terminated
Server 7 terminated
Server 30 terminated
Server 28 terminated
Server 27 terminated
Server 31 terminated
Server 8 terminated
Server 21 terminated
Server 23 terminated
Server 10 terminated
Server 3 terminated
Server 29 terminated
Server 1 terminated
Server 5 terminated
Server 11 terminated
Server 14 terminated
Server 13 terminated
Server 26 terminated
Server 17 terminated
Server 20 terminated
Unkown ArgumentsUnkown Arguments Unkown Arguments Unkown Arguments['--repo_root', '/cluster/home/erikhbj/master/master-spring-ad-lead', '--git_root', '/cluster/home/erikhbj/master/master-spring-ad-lead/3rd_party/CaRL/CARLA', '--carla_root', '/cluster/home/erikhbj/master/master-spring-ad-lead/3rd_party/CARLA_0915', '--log_root', '/cluster/home/erikhbj/master/master-spring-ad-lead/outputs/rl_logs', '--num_envs_per_node', '32', '--num_envs_per_gpu', '4', '--num_nodes', '1', '--node_id', '0', '--rdzv_port', '29500', '--start_port', '1024', '--train_towns', '1', '2', '3', '4', '5', '6', '7', '10', '1', '2', '3', '4', '5', '6', '7', '10', '1', '2', '3', '4', '5', '6', '7', '10', '1', '2', '3', '4', '5', '6', '7', '10', '--routes_folder', '1000_meters_old_scenarios_02', '--route_repetitions', '100', '--frame_rate', '10.0', '--timeout', '900.0', '--runtime_timeout', '900.0', '--carla_rpc_threads', '8', '--carla_streaming_threads', '8', '--carla_secondary_threads', '8', '--leaderboard_debug', '0', '--ml_cloud', '0', '--use_traj_sync_ppo', '0', '--debug', '0']Unkown ArgumentsUnkown Arguments ['--repo_root', '/cluster/home/erikhbj/master/master-spring-ad-lead', '--git_root', '/cluster/home/erikhbj/master/master-spring-ad-lead/3rd_party/CaRL/CARLA', '--carla_root', '/cluster/home/erikhbj/master/master-spring-ad-lead/3rd_party/CARLA_0915', '--log_root', '/cluster/home/erikhbj/master/master-spring-ad-lead/outputs/rl_logs', '--num_envs_per_node', '32', '--num_envs_per_gpu', '4', '--num_nodes', '1', '--node_id', '0', '--rdzv_port', '29500', '--start_port', '1024', '--train_towns', '1', '2', '3', '4', '5', '6', '7', '10', '1', '2', '3', '4', '5', '6', '7', '10', '1', '2', '3', '4', '5', '6', '7', '10', '1', '2', '3', '4', '5', '6', '7', '10', '--routes_folder', '1000_meters_old_scenarios_02', '--route_repetitions', '100', '--frame_rate', '10.0', '--timeout', '900.0', '--runtime_timeout', '900.0', '--carla_rpc_threads', '8', '--carla_streaming_threads', '8', '--carla_secondary_threads', '8', '--leaderboard_debug', '0', '--ml_cloud', '0', '--use_traj_sync_ppo', '0', '--debug', '0'] 
  ['--repo_root', '/cluster/home/erikhbj/master/master-spring-ad-lead', '--git_root', '/cluster/home/erikhbj/master/master-spring-ad-lead/3rd_party/CaRL/CARLA', '--carla_root', '/cluster/home/erikhbj/master/master-spring-ad-lead/3rd_party/CARLA_0915', '--log_root', '/cluster/home/erikhbj/master/master-spring-ad-lead/outputs/rl_logs', '--num_envs_per_node', '32', '--num_envs_per_gpu', '4', '--num_nodes', '1', '--node_id', '0', '--rdzv_port', '29500', '--start_port', '1024', '--train_towns', '1', '2', '3', '4', '5', '6', '7', '10', '1', '2', '3', '4', '5', '6', '7', '10', '1', '2', '3', '4', '5', '6', '7', '10', '1', '2', '3', '4', '5', '6', '7', '10', '--routes_folder', '1000_meters_old_scenarios_02', '--route_repetitions', '100', '--frame_rate', '10.0', '--timeout', '900.0', '--runtime_timeout', '900.0', '--carla_rpc_threads', '8', '--carla_streaming_threads', '8', '--carla_secondary_threads', '8', '--leaderboard_debug', '0', '--ml_cloud', '0', '--use_traj_sync_ppo', '0', '--debug', '0']
['--repo_root', '/cluster/home/erikhbj/master/master-spring-ad-lead', '--git_root', '/cluster/home/erikhbj/master/master-spring-ad-lead/3rd_party/CaRL/CARLA', '--carla_root', '/cluster/home/erikhbj/master/master-spring-ad-lead/3rd_party/CARLA_0915', '--log_root', '/cluster/home/erikhbj/master/master-spring-ad-lead/outputs/rl_logs', '--num_envs_per_node', '32', '--num_envs_per_gpu', '4', '--num_nodes', '1', '--node_id', '0', '--rdzv_port', '29500', '--start_port', '1024', '--train_towns', '1', '2', '3', '4', '5', '6', '7', '10', '1', '2', '3', '4', '5', '6', '7', '10', '1', '2', '3', '4', '5', '6', '7', '10', '1', '2', '3', '4', '5', '6', '7', '10', '--routes_folder', '1000_meters_old_scenarios_02', '--route_repetitions', '100', '--frame_rate', '10.0', '--timeout', '900.0', '--runtime_timeout', '900.0', '--carla_rpc_threads', '8', '--carla_streaming_threads', '8', '--carla_secondary_threads', '8', '--leaderboard_debug', '0', '--ml_cloud', '0', '--use_traj_sync_ppo', '0', '--debug', '0']RANK, LOCAL_RANK and WORLD_SIZE in environ: 6/6/8['--repo_root', '/cluster/home/erikhbj/master/master-spring-ad-lead', '--git_root', '/cluster/home/erikhbj/master/master-spring-ad-lead/3rd_party/CaRL/CARLA', '--carla_root', '/cluster/home/erikhbj/master/master-spring-ad-lead/3rd_party/CARLA_0915', '--log_root', '/cluster/home/erikhbj/master/master-spring-ad-lead/outputs/rl_logs', '--num_envs_per_node', '32', '--num_envs_per_gpu', '4', '--num_nodes', '1', '--node_id', '0', '--rdzv_port', '29500', '--start_port', '1024', '--train_towns', '1', '2', '3', '4', '5', '6', '7', '10', '1', '2', '3', '4', '5', '6', '7', '10', '1', '2', '3', '4', '5', '6', '7', '10', '1', '2', '3', '4', '5', '6', '7', '10', '--routes_folder', '1000_meters_old_scenarios_02', '--route_repetitions', '100', '--frame_rate', '10.0', '--timeout', '900.0', '--runtime_timeout', '900.0', '--carla_rpc_threads', '8', '--carla_streaming_threads', '8', '--carla_secondary_threads', '8', '--leaderboard_debug', '0', '--ml_cloud', '0', '--use_traj_sync_ppo', '0', '--debug', '0']['--repo_root', '/cluster/home/erikhbj/master/master-spring-ad-lead', '--git_root', '/cluster/home/erikhbj/master/master-spring-ad-lead/3rd_party/CaRL/CARLA', '--carla_root', '/cluster/home/erikhbj/master/master-spring-ad-lead/3rd_party/CARLA_0915', '--log_root', '/cluster/home/erikhbj/master/master-spring-ad-lead/outputs/rl_logs', '--num_envs_per_node', '32', '--num_envs_per_gpu', '4', '--num_nodes', '1', '--node_id', '0', '--rdzv_port', '29500', '--start_port', '1024', '--train_towns', '1', '2', '3', '4', '5', '6', '7', '10', '1', '2', '3', '4', '5', '6', '7', '10', '1', '2', '3', '4', '5', '6', '7', '10', '1', '2', '3', '4', '5', '6', '7', '10', '--routes_folder', '1000_meters_old_scenarios_02', '--route_repetitions', '100', '--frame_rate', '10.0', '--timeout', '900.0', '--runtime_timeout', '900.0', '--carla_rpc_threads', '8', '--carla_streaming_threads', '8', '--carla_secondary_threads', '8', '--leaderboard_debug', '0', '--ml_cloud', '0', '--use_traj_sync_ppo', '0', '--debug', '0']

RANK, LOCAL_RANK and WORLD_SIZE in environ: 2/2/8


RANK, LOCAL_RANK and WORLD_SIZE in environ: 3/3/8
RANK, LOCAL_RANK and WORLD_SIZE in environ: 7/7/8Unkown ArgumentsRANK, LOCAL_RANK and WORLD_SIZE in environ: 5/5/8
RANK, LOCAL_RANK and WORLD_SIZE in environ: 0/0/8
 

['--repo_root', '/cluster/home/erikhbj/master/master-spring-ad-lead', '--git_root', '/cluster/home/erikhbj/master/master-spring-ad-lead/3rd_party/CaRL/CARLA', '--carla_root', '/cluster/home/erikhbj/master/master-spring-ad-lead/3rd_party/CARLA_0915', '--log_root', '/cluster/home/erikhbj/master/master-spring-ad-lead/outputs/rl_logs', '--num_envs_per_node', '32', '--num_envs_per_gpu', '4', '--num_nodes', '1', '--node_id', '0', '--rdzv_port', '29500', '--start_port', '1024', '--train_towns', '1', '2', '3', '4', '5', '6', '7', '10', '1', '2', '3', '4', '5', '6', '7', '10', '1', '2', '3', '4', '5', '6', '7', '10', '1', '2', '3', '4', '5', '6', '7', '10', '--routes_folder', '1000_meters_old_scenarios_02', '--route_repetitions', '100', '--frame_rate', '10.0', '--timeout', '900.0', '--runtime_timeout', '900.0', '--carla_rpc_threads', '8', '--carla_streaming_threads', '8', '--carla_secondary_threads', '8', '--leaderboard_debug', '0', '--ml_cloud', '0', '--use_traj_sync_ppo', '0', '--debug', '0']
RANK, LOCAL_RANK and WORLD_SIZE in environ: 1/1/8
Unkown Arguments ['--repo_root', '/cluster/home/erikhbj/master/master-spring-ad-lead', '--git_root', '/cluster/home/erikhbj/master/master-spring-ad-lead/3rd_party/CaRL/CARLA', '--carla_root', '/cluster/home/erikhbj/master/master-spring-ad-lead/3rd_party/CARLA_0915', '--log_root', '/cluster/home/erikhbj/master/master-spring-ad-lead/outputs/rl_logs', '--num_envs_per_node', '32', '--num_envs_per_gpu', '4', '--num_nodes', '1', '--node_id', '0', '--rdzv_port', '29500', '--start_port', '1024', '--train_towns', '1', '2', '3', '4', '5', '6', '7', '10', '1', '2', '3', '4', '5', '6', '7', '10', '1', '2', '3', '4', '5', '6', '7', '10', '1', '2', '3', '4', '5', '6', '7', '10', '--routes_folder', '1000_meters_old_scenarios_02', '--route_repetitions', '100', '--frame_rate', '10.0', '--timeout', '900.0', '--runtime_timeout', '900.0', '--carla_rpc_threads', '8', '--carla_streaming_threads', '8', '--carla_secondary_threads', '8', '--leaderboard_debug', '0', '--ml_cloud', '0', '--use_traj_sync_ppo', '0', '--debug', '0']
RANK, LOCAL_RANK and WORLD_SIZE in environ: 4/4/8
Is cuda available?:Is cuda available?:Is cuda available?:Is cuda available?:    TrueTrueTrueTrue



Is cuda available?:Is cuda available?: Is cuda available?: True True
True

Is cuda available?: True
065
3


4271



Leaderboard 0 is hanging and did not terminate
Leaderboard 1 is hanging and did not terminate
Leaderboard 2 is hanging and did not terminate
Leaderboard 3 is hanging and did not terminate
Leaderboard 4 is hanging and did not terminate
Leaderboard 5 is hanging and did not terminate
Leaderboard 6 is hanging and did not terminate
Leaderboard 7 is hanging and did not terminate
Leaderboard 8 is hanging and did not terminate
Leaderboard 9 is hanging and did not terminate
Leaderboard 10 is hanging and did not terminate
Leaderboard 11 is hanging and did not terminate
Leaderboard 12 is hanging and did not terminate
Leaderboard 13 is hanging and did not terminate
Leaderboard 14 is hanging and did not terminate
Leaderboard 15 is hanging and did not terminate
Leaderboard 16 is hanging and did not terminate
Leaderboard 17 is hanging and did not terminate
Leaderboard 18 is hanging and did not terminate
Leaderboard 19 is hanging and did not terminate
Leaderboard 20 is hanging and did not terminate
Leaderboard 21 is hanging and did not terminate
Leaderboard 22 is hanging and did not terminate
Leaderboard 23 is hanging and did not terminate
Leaderboard 24 is hanging and did not terminate
Leaderboard 25 is hanging and did not terminate
Leaderboard 26 is hanging and did not terminate
Leaderboard 27 is hanging and did not terminate
Leaderboard 28 is hanging and did not terminate
Leaderboard 29 is hanging and did not terminate
Leaderboard 30 is hanging and did not terminate
Leaderboard 31 is hanging and did not terminate
Process finished: None
Start server 0
Start client 0
Start server 1
Start client 1
Start server 2
Start client 2
Start server 3
Start client 3
Start server 4
Start client 4
Start server 5
Start client 5
Start server 6
Start client 6
Start server 7
Start client 7
Start server 8
Start client 8
Start server 9
Start client 9
Start server 10
Start client 10
Start server 11
Start client 11
Start server 12
Start client 12
Start server 13
Start client 13
Start server 14
Start client 14
Start server 15
Start client 15
Start server 16
Start client 16
Start server 17
Start client 17
Start server 18
Start client 18
Start server 19
Start client 19
Start server 20
Start client 20
Start server 21
Start client 21
Start server 22
Start client 22
Start server 23
Start client 23
Start server 24
Start client 24
Start server 25
Start client 25
Start server 26
Start client 26
Start server 27
Start client 27
Start server 28
Start client 28
Start server 29
Start client 29
Start server 30
Start client 30
Start server 31
Start client 31
Unkown Arguments ['--repo_root', '/cluster/home/erikhbj/master/master-spring-ad-lead', '--git_root', '/cluster/home/erikhbj/master/master-spring-ad-lead/3rd_party/CaRL/CARLA', '--carla_root', '/cluster/home/erikhbj/master/master-spring-ad-lead/3rd_party/CARLA_0915', '--log_root', '/cluster/home/erikhbj/master/master-spring-ad-lead/outputs/rl_logs', '--num_envs_per_node', '32', '--num_envs_per_gpu', '4', '--num_nodes', '1', '--node_id', '0', '--rdzv_port', '29500', '--start_port', '1024', '--train_towns', '1', '2', '3', '4', '5', '6', '7', '10', '1', '2', '3', '4', '5', '6', '7', '10', '1', '2', '3', '4', '5', '6', '7', '10', '1', '2', '3', '4', '5', '6', '7', '10', '--routes_folder', '1000_meters_old_scenarios_02', '--route_repetitions', '100', '--frame_rate', '10.0', '--timeout', '900.0', '--runtime_timeout', '900.0', '--carla_rpc_threads', '8', '--carla_streaming_threads', '8', '--carla_secondary_threads', '8', '--leaderboard_debug', '0', '--ml_cloud', '0', '--use_traj_sync_ppo', '0', '--debug', '0']
RANK, LOCAL_RANK and WORLD_SIZE in environ: 5/5/8
Is cuda available?: True
5
Unkown Arguments ['--repo_root', '/cluster/home/erikhbj/master/master-spring-ad-lead', '--git_root', '/cluster/home/erikhbj/master/master-spring-ad-lead/3rd_party/CaRL/CARLA', '--carla_root', '/cluster/home/erikhbj/master/master-spring-ad-lead/3rd_party/CARLA_0915', '--log_root', '/cluster/home/erikhbj/master/master-spring-ad-lead/outputs/rl_logs', '--num_envs_per_node', '32', '--num_envs_per_gpu', '4', '--num_nodes', '1', '--node_id', '0', '--rdzv_port', '29500', '--start_port', '1024', '--train_towns', '1', '2', '3', '4', '5', '6', '7', '10', '1', '2', '3', '4', '5', '6', '7', '10', '1', '2', '3', '4', '5', '6', '7', '10', '1', '2', '3', '4', '5', '6', '7', '10', '--routes_folder', '1000_meters_old_scenarios_02', '--route_repetitions', '100', '--frame_rate', '10.0', '--timeout', '900.0', '--runtime_timeout', '900.0', '--carla_rpc_threads', '8', '--carla_streaming_threads', '8', '--carla_secondary_threads', '8', '--leaderboard_debug', '0', '--ml_cloud', '0', '--use_traj_sync_ppo', '0', '--debug', '0']
RANK, LOCAL_RANK and WORLD_SIZE in environ: 0/0/8
Is cuda available?: True
0
Unkown Arguments ['--repo_root', '/cluster/home/erikhbj/master/master-spring-ad-lead', '--git_root', '/cluster/home/erikhbj/master/master-spring-ad-lead/3rd_party/CaRL/CARLA', '--carla_root', '/cluster/home/erikhbj/master/master-spring-ad-lead/3rd_party/CARLA_0915', '--log_root', '/cluster/home/erikhbj/master/master-spring-ad-lead/outputs/rl_logs', '--num_envs_per_node', '32', '--num_envs_per_gpu', '4', '--num_nodes', '1', '--node_id', '0', '--rdzv_port', '29500', '--start_port', '1024', '--train_towns', '1', '2', '3', '4', '5', '6', '7', '10', '1', '2', '3', '4', '5', '6', '7', '10', '1', '2', '3', '4', '5', '6', '7', '10', '1', '2', '3', '4', '5', '6', '7', '10', '--routes_folder', '1000_meters_old_scenarios_02', '--route_repetitions', '100', '--frame_rate', '10.0', '--timeout', '900.0', '--runtime_timeout', '900.0', '--carla_rpc_threads', '8', '--carla_streaming_threads', '8', '--carla_secondary_threads', '8', '--leaderboard_debug', '0', '--ml_cloud', '0', '--use_traj_sync_ppo', '0', '--debug', '0']
RANK, LOCAL_RANK and WORLD_SIZE in environ: 4/4/8
Unkown Arguments ['--repo_root', '/cluster/home/erikhbj/master/master-spring-ad-lead', '--git_root', '/cluster/home/erikhbj/master/master-spring-ad-lead/3rd_party/CaRL/CARLA', '--carla_root', '/cluster/home/erikhbj/master/master-spring-ad-lead/3rd_party/CARLA_0915', '--log_root', '/cluster/home/erikhbj/master/master-spring-ad-lead/outputs/rl_logs', '--num_envs_per_node', '32', '--num_envs_per_gpu', '4', '--num_nodes', '1', '--node_id', '0', '--rdzv_port', '29500', '--start_port', '1024', '--train_towns', '1', '2', '3', '4', '5', '6', '7', '10', '1', '2', '3', '4', '5', '6', '7', '10', '1', '2', '3', '4', '5', '6', '7', '10', '1', '2', '3', '4', '5', '6', '7', '10', '--routes_folder', '1000_meters_old_scenarios_02', '--route_repetitions', '100', '--frame_rate', '10.0', '--timeout', '900.0', '--runtime_timeout', '900.0', '--carla_rpc_threads', '8', '--carla_streaming_threads', '8', '--carla_secondary_threads', '8', '--leaderboard_debug', '0', '--ml_cloud', '0', '--use_traj_sync_ppo', '0', '--debug', '0']
RANK, LOCAL_RANK and WORLD_SIZE in environ: 1/1/8
Unkown Arguments ['--repo_root', '/cluster/home/erikhbj/master/master-spring-ad-lead', '--git_root', '/cluster/home/erikhbj/master/master-spring-ad-lead/3rd_party/CaRL/CARLA', '--carla_root', '/cluster/home/erikhbj/master/master-spring-ad-lead/3rd_party/CARLA_0915', '--log_root', '/cluster/home/erikhbj/master/master-spring-ad-lead/outputs/rl_logs', '--num_envs_per_node', '32', '--num_envs_per_gpu', '4', '--num_nodes', '1', '--node_id', '0', '--rdzv_port', '29500', '--start_port', '1024', '--train_towns', '1', '2', '3', '4', '5', '6', '7', '10', '1', '2', '3', '4', '5', '6', '7', '10', '1', '2', '3', '4', '5', '6', '7', '10', '1', '2', '3', '4', '5', '6', '7', '10', '--routes_folder', '1000_meters_old_scenarios_02', '--route_repetitions', '100', '--frame_rate', '10.0', '--timeout', '900.0', '--runtime_timeout', '900.0', '--carla_rpc_threads', '8', '--carla_streaming_threads', '8', '--carla_secondary_threads', '8', '--leaderboard_debug', '0', '--ml_cloud', '0', '--use_traj_sync_ppo', '0', '--debug', '0']
RANK, LOCAL_RANK and WORLD_SIZE in environ: 6/6/8
Is cuda available?: True
Is cuda available?: True
Is cuda available?: True
1
4
6
Unkown Arguments ['--repo_root', '/cluster/home/erikhbj/master/master-spring-ad-lead', '--git_root', '/cluster/home/erikhbj/master/master-spring-ad-lead/3rd_party/CaRL/CARLA', '--carla_root', '/cluster/home/erikhbj/master/master-spring-ad-lead/3rd_party/CARLA_0915', '--log_root', '/cluster/home/erikhbj/master/master-spring-ad-lead/outputs/rl_logs', '--num_envs_per_node', '32', '--num_envs_per_gpu', '4', '--num_nodes', '1', '--node_id', '0', '--rdzv_port', '29500', '--start_port', '1024', '--train_towns', '1', '2', '3', '4', '5', '6', '7', '10', '1', '2', '3', '4', '5', '6', '7', '10', '1', '2', '3', '4', '5', '6', '7', '10', '1', '2', '3', '4', '5', '6', '7', '10', '--routes_folder', '1000_meters_old_scenarios_02', '--route_repetitions', '100', '--frame_rate', '10.0', '--timeout', '900.0', '--runtime_timeout', '900.0', '--carla_rpc_threads', '8', '--carla_streaming_threads', '8', '--carla_secondary_threads', '8', '--leaderboard_debug', '0', '--ml_cloud', '0', '--use_traj_sync_ppo', '0', '--debug', '0']
RANK, LOCAL_RANK and WORLD_SIZE in environ: 3/3/8
Is cuda available?: True
3
Unkown Arguments ['--repo_root', '/cluster/home/erikhbj/master/master-spring-ad-lead', '--git_root', '/cluster/home/erikhbj/master/master-spring-ad-lead/3rd_party/CaRL/CARLA', '--carla_root', '/cluster/home/erikhbj/master/master-spring-ad-lead/3rd_party/CARLA_0915', '--log_root', '/cluster/home/erikhbj/master/master-spring-ad-lead/outputs/rl_logs', '--num_envs_per_node', '32', '--num_envs_per_gpu', '4', '--num_nodes', '1', '--node_id', '0', '--rdzv_port', '29500', '--start_port', '1024', '--train_towns', '1', '2', '3', '4', '5', '6', '7', '10', '1', '2', '3', '4', '5', '6', '7', '10', '1', '2', '3', '4', '5', '6', '7', '10', '1', '2', '3', '4', '5', '6', '7', '10', '--routes_folder', '1000_meters_old_scenarios_02', '--route_repetitions', '100', '--frame_rate', '10.0', '--timeout', '900.0', '--runtime_timeout', '900.0', '--carla_rpc_threads', '8', '--carla_streaming_threads', '8', '--carla_secondary_threads', '8', '--leaderboard_debug', '0', '--ml_cloud', '0', '--use_traj_sync_ppo', '0', '--debug', '0']
RANK, LOCAL_RANK and WORLD_SIZE in environ: 2/2/8
Is cuda available?: True
2
Unkown Arguments ['--repo_root', '/cluster/home/erikhbj/master/master-spring-ad-lead', '--git_root', '/cluster/home/erikhbj/master/master-spring-ad-lead/3rd_party/CaRL/CARLA', '--carla_root', '/cluster/home/erikhbj/master/master-spring-ad-lead/3rd_party/CARLA_0915', '--log_root', '/cluster/home/erikhbj/master/master-spring-ad-lead/outputs/rl_logs', '--num_envs_per_node', '32', '--num_envs_per_gpu', '4', '--num_nodes', '1', '--node_id', '0', '--rdzv_port', '29500', '--start_port', '1024', '--train_towns', '1', '2', '3', '4', '5', '6', '7', '10', '1', '2', '3', '4', '5', '6', '7', '10', '1', '2', '3', '4', '5', '6', '7', '10', '1', '2', '3', '4', '5', '6', '7', '10', '--routes_folder', '1000_meters_old_scenarios_02', '--route_repetitions', '100', '--frame_rate', '10.0', '--timeout', '900.0', '--runtime_timeout', '900.0', '--carla_rpc_threads', '8', '--carla_streaming_threads', '8', '--carla_secondary_threads', '8', '--leaderboard_debug', '0', '--ml_cloud', '0', '--use_traj_sync_ppo', '0', '--debug', '0']
RANK, LOCAL_RANK and WORLD_SIZE in environ: 7/7/8
Is cuda available?: True
7
Carla server crashed
Carla server crashed
Carla server crashed
Carla server crashed
Server 0 terminated
Server 1 terminated
Server 2 terminated
Server 3 terminated
Server 5 terminated
Server 4 terminated
Server 6 terminated
Server 7 terminated
Server 8 terminated
Server 10 terminated
Server 9 terminated
Server 11 terminated
Server 12 terminated
Server 13 terminated
Server 14 terminated
Server 16 terminated
Server 17 terminated
Server 18 terminated
Server 15 terminated
Server 26 terminated
Server 20 terminated
Server 24 terminated
Server 19 terminated
Server 22 terminated
Server 27 terminated
Server 28 terminated
Server 23 terminated
Server 25 terminated
Server 21 terminated
Server 29 terminated
Server 30 terminated
Server 31 terminated
Leaderboard 0 is hanging and did not terminate
Leaderboard 1 is hanging and did not terminate
Leaderboard 2 is hanging and did not terminate
Leaderboard 3 is hanging and did not terminate
Leaderboard 4 is hanging and did not terminate
Leaderboard 5 is hanging and did not terminate
Leaderboard 6 is hanging and did not terminate
Leaderboard 7 is hanging and did not terminate
Leaderboard 8 is hanging and did not terminate
Leaderboard 9 is hanging and did not terminate
Leaderboard 10 is hanging and did not terminate
Leaderboard 11 is hanging and did not terminate
Leaderboard 12 is hanging and did not terminate
Leaderboard 13 is hanging and did not terminate
Leaderboard 14 is hanging and did not terminate
Leaderboard 15 is hanging and did not terminate
Leaderboard 16 is hanging and did not terminate
Leaderboard 17 is hanging and did not terminate
Leaderboard 18 is hanging and did not terminate
Leaderboard 19 is hanging and did not terminate
Leaderboard 20 is hanging and did not terminate
Leaderboard 21 is hanging and did not terminate
Leaderboard 22 is hanging and did not terminate
Leaderboard 23 is hanging and did not terminate
Leaderboard 24 is hanging and did not terminate
Leaderboard 25 is hanging and did not terminate
Leaderboard 26 is hanging and did not terminate
Leaderboard 27 is hanging and did not terminate
Leaderboard 28 is hanging and did not terminate
Leaderboard 29 is hanging and did not terminate
Leaderboard 30 is hanging and did not terminate
Leaderboard 31 is hanging and did not terminate
Process finished: None
Start server 0
Start client 0
Start server 1
Start client 1
Start server 2
Start client 2
Start server 3
Start client 3
Start server 4
Start client 4
Start server 5
Start client 5
Start server 6
Start client 6
Start server 7
Start client 7
Start server 8
Start client 8
Start server 9
Start client 9
Start server 10
Start client 10
Start server 11
Start client 11
Start server 12
Start client 12
Start server 13
Start client 13
Start server 14
Start client 14
Start server 15
Start client 15
Start server 16
Start client 16
Start server 17
Start client 17
Start server 18
Start client 18
Start server 19
Start client 19
Start server 20
Start client 20
Start server 21
Start client 21
Start server 22
Start client 22
Start server 23
Start client 23
Start server 24
Start client 24
Start server 25
Start client 25
Start server 26
Start client 26
Start server 27
Start client 27
Start server 28
Start client 28
Start server 29
Start client 29
Start server 30
Start client 30
Start server 31
Start client 31
Unkown Arguments ['--repo_root', '/cluster/home/erikhbj/master/master-spring-ad-lead', '--git_root', '/cluster/home/erikhbj/master/master-spring-ad-lead/3rd_party/CaRL/CARLA', '--carla_root', '/cluster/home/erikhbj/master/master-spring-ad-lead/3rd_party/CARLA_0915', '--log_root', '/cluster/home/erikhbj/master/master-spring-ad-lead/outputs/rl_logs', '--num_envs_per_node', '32', '--num_envs_per_gpu', '4', '--num_nodes', '1', '--node_id', '0', '--rdzv_port', '29500', '--start_port', '1024', '--train_towns', '1', '2', '3', '4', '5', '6', '7', '10', '1', '2', '3', '4', '5', '6', '7', '10', '1', '2', '3', '4', '5', '6', '7', '10', '1', '2', '3', '4', '5', '6', '7', '10', '--routes_folder', '1000_meters_old_scenarios_02', '--route_repetitions', '100', '--frame_rate', '10.0', '--timeout', '900.0', '--runtime_timeout', '900.0', '--carla_rpc_threads', '8', '--carla_streaming_threads', '8', '--carla_secondary_threads', '8', '--leaderboard_debug', '0', '--ml_cloud', '0', '--use_traj_sync_ppo', '0', '--debug', '0']
RANK, LOCAL_RANK and WORLD_SIZE in environ: 5/5/8
Is cuda available?: True
5
Unkown Arguments ['--repo_root', '/cluster/home/erikhbj/master/master-spring-ad-lead', '--git_root', '/cluster/home/erikhbj/master/master-spring-ad-lead/3rd_party/CaRL/CARLA', '--carla_root', '/cluster/home/erikhbj/master/master-spring-ad-lead/3rd_party/CARLA_0915', '--log_root', '/cluster/home/erikhbj/master/master-spring-ad-lead/outputs/rl_logs', '--num_envs_per_node', '32', '--num_envs_per_gpu', '4', '--num_nodes', '1', '--node_id', '0', '--rdzv_port', '29500', '--start_port', '1024', '--train_towns', '1', '2', '3', '4', '5', '6', '7', '10', '1', '2', '3', '4', '5', '6', '7', '10', '1', '2', '3', '4', '5', '6', '7', '10', '1', '2', '3', '4', '5', '6', '7', '10', '--routes_folder', '1000_meters_old_scenarios_02', '--route_repetitions', '100', '--frame_rate', '10.0', '--timeout', '900.0', '--runtime_timeout', '900.0', '--carla_rpc_threads', '8', '--carla_streaming_threads', '8', '--carla_secondary_threads', '8', '--leaderboard_debug', '0', '--ml_cloud', '0', '--use_traj_sync_ppo', '0', '--debug', '0']
RANK, LOCAL_RANK and WORLD_SIZE in environ: 4/4/8
Is cuda available?: True
4
Unkown Arguments ['--repo_root', '/cluster/home/erikhbj/master/master-spring-ad-lead', '--git_root', '/cluster/home/erikhbj/master/master-spring-ad-lead/3rd_party/CaRL/CARLA', '--carla_root', '/cluster/home/erikhbj/master/master-spring-ad-lead/3rd_party/CARLA_0915', '--log_root', '/cluster/home/erikhbj/master/master-spring-ad-lead/outputs/rl_logs', '--num_envs_per_node', '32', '--num_envs_per_gpu', '4', '--num_nodes', '1', '--node_id', '0', '--rdzv_port', '29500', '--start_port', '1024', '--train_towns', '1', '2', '3', '4', '5', '6', '7', '10', '1', '2', '3', '4', '5', '6', '7', '10', '1', '2', '3', '4', '5', '6', '7', '10', '1', '2', '3', '4', '5', '6', '7', '10', '--routes_folder', '1000_meters_old_scenarios_02', '--route_repetitions', '100', '--frame_rate', '10.0', '--timeout', '900.0', '--runtime_timeout', '900.0', '--carla_rpc_threads', '8', '--carla_streaming_threads', '8', '--carla_secondary_threads', '8', '--leaderboard_debug', '0', '--ml_cloud', '0', '--use_traj_sync_ppo', '0', '--debug', '0']
RANK, LOCAL_RANK and WORLD_SIZE in environ: 6/6/8
Is cuda available?: True
6
Unkown Arguments ['--repo_root', '/cluster/home/erikhbj/master/master-spring-ad-lead', '--git_root', '/cluster/home/erikhbj/master/master-spring-ad-lead/3rd_party/CaRL/CARLA', '--carla_root', '/cluster/home/erikhbj/master/master-spring-ad-lead/3rd_party/CARLA_0915', '--log_root', '/cluster/home/erikhbj/master/master-spring-ad-lead/outputs/rl_logs', '--num_envs_per_node', '32', '--num_envs_per_gpu', '4', '--num_nodes', '1', '--node_id', '0', '--rdzv_port', '29500', '--start_port', '1024', '--train_towns', '1', '2', '3', '4', '5', '6', '7', '10', '1', '2', '3', '4', '5', '6', '7', '10', '1', '2', '3', '4', '5', '6', '7', '10', '1', '2', '3', '4', '5', '6', '7', '10', '--routes_folder', '1000_meters_old_scenarios_02', '--route_repetitions', '100', '--frame_rate', '10.0', '--timeout', '900.0', '--runtime_timeout', '900.0', '--carla_rpc_threads', '8', '--carla_streaming_threads', '8', '--carla_secondary_threads', '8', '--leaderboard_debug', '0', '--ml_cloud', '0', '--use_traj_sync_ppo', '0', '--debug', '0']
RANK, LOCAL_RANK and WORLD_SIZE in environ: 1/1/8
Is cuda available?: True
1
Unkown Arguments ['--repo_root', '/cluster/home/erikhbj/master/master-spring-ad-lead', '--git_root', '/cluster/home/erikhbj/master/master-spring-ad-lead/3rd_party/CaRL/CARLA', '--carla_root', '/cluster/home/erikhbj/master/master-spring-ad-lead/3rd_party/CARLA_0915', '--log_root', '/cluster/home/erikhbj/master/master-spring-ad-lead/outputs/rl_logs', '--num_envs_per_node', '32', '--num_envs_per_gpu', '4', '--num_nodes', '1', '--node_id', '0', '--rdzv_port', '29500', '--start_port', '1024', '--train_towns', '1', '2', '3', '4', '5', '6', '7', '10', '1', '2', '3', '4', '5', '6', '7', '10', '1', '2', '3', '4', '5', '6', '7', '10', '1', '2', '3', '4', '5', '6', '7', '10', '--routes_folder', '1000_meters_old_scenarios_02', '--route_repetitions', '100', '--frame_rate', '10.0', '--timeout', '900.0', '--runtime_timeout', '900.0', '--carla_rpc_threads', '8', '--carla_streaming_threads', '8', '--carla_secondary_threads', '8', '--leaderboard_debug', '0', '--ml_cloud', '0', '--use_traj_sync_ppo', '0', '--debug', '0']
RANK, LOCAL_RANK and WORLD_SIZE in environ: 7/7/8
Is cuda available?: True
7
Unkown Arguments ['--repo_root', '/cluster/home/erikhbj/master/master-spring-ad-lead', '--git_root', '/cluster/home/erikhbj/master/master-spring-ad-lead/3rd_party/CaRL/CARLA', '--carla_root', '/cluster/home/erikhbj/master/master-spring-ad-lead/3rd_party/CARLA_0915', '--log_root', '/cluster/home/erikhbj/master/master-spring-ad-lead/outputs/rl_logs', '--num_envs_per_node', '32', '--num_envs_per_gpu', '4', '--num_nodes', '1', '--node_id', '0', '--rdzv_port', '29500', '--start_port', '1024', '--train_towns', '1', '2', '3', '4', '5', '6', '7', '10', '1', '2', '3', '4', '5', '6', '7', '10', '1', '2', '3', '4', '5', '6', '7', '10', '1', '2', '3', '4', '5', '6', '7', '10', '--routes_folder', '1000_meters_old_scenarios_02', '--route_repetitions', '100', '--frame_rate', '10.0', '--timeout', '900.0', '--runtime_timeout', '900.0', '--carla_rpc_threads', '8', '--carla_streaming_threads', '8', '--carla_secondary_threads', '8', '--leaderboard_debug', '0', '--ml_cloud', '0', '--use_traj_sync_ppo', '0', '--debug', '0']
RANK, LOCAL_RANK and WORLD_SIZE in environ: 2/2/8
Is cuda available?: True
2
Unkown Arguments ['--repo_root', '/cluster/home/erikhbj/master/master-spring-ad-lead', '--git_root', '/cluster/home/erikhbj/master/master-spring-ad-lead/3rd_party/CaRL/CARLA', '--carla_root', '/cluster/home/erikhbj/master/master-spring-ad-lead/3rd_party/CARLA_0915', '--log_root', '/cluster/home/erikhbj/master/master-spring-ad-lead/outputs/rl_logs', '--num_envs_per_node', '32', '--num_envs_per_gpu', '4', '--num_nodes', '1', '--node_id', '0', '--rdzv_port', '29500', '--start_port', '1024', '--train_towns', '1', '2', '3', '4', '5', '6', '7', '10', '1', '2', '3', '4', '5', '6', '7', '10', '1', '2', '3', '4', '5', '6', '7', '10', '1', '2', '3', '4', '5', '6', '7', '10', '--routes_folder', '1000_meters_old_scenarios_02', '--route_repetitions', '100', '--frame_rate', '10.0', '--timeout', '900.0', '--runtime_timeout', '900.0', '--carla_rpc_threads', '8', '--carla_streaming_threads', '8', '--carla_secondary_threads', '8', '--leaderboard_debug', '0', '--ml_cloud', '0', '--use_traj_sync_ppo', '0', '--debug', '0']
RANK, LOCAL_RANK and WORLD_SIZE in environ: 0/0/8
Is cuda available?: True
0
Unkown Arguments ['--repo_root', '/cluster/home/erikhbj/master/master-spring-ad-lead', '--git_root', '/cluster/home/erikhbj/master/master-spring-ad-lead/3rd_party/CaRL/CARLA', '--carla_root', '/cluster/home/erikhbj/master/master-spring-ad-lead/3rd_party/CARLA_0915', '--log_root', '/cluster/home/erikhbj/master/master-spring-ad-lead/outputs/rl_logs', '--num_envs_per_node', '32', '--num_envs_per_gpu', '4', '--num_nodes', '1', '--node_id', '0', '--rdzv_port', '29500', '--start_port', '1024', '--train_towns', '1', '2', '3', '4', '5', '6', '7', '10', '1', '2', '3', '4', '5', '6', '7', '10', '1', '2', '3', '4', '5', '6', '7', '10', '1', '2', '3', '4', '5', '6', '7', '10', '--routes_folder', '1000_meters_old_scenarios_02', '--route_repetitions', '100', '--frame_rate', '10.0', '--timeout', '900.0', '--runtime_timeout', '900.0', '--carla_rpc_threads', '8', '--carla_streaming_threads', '8', '--carla_secondary_threads', '8', '--leaderboard_debug', '0', '--ml_cloud', '0', '--use_traj_sync_ppo', '0', '--debug', '0']
RANK, LOCAL_RANK and WORLD_SIZE in environ: 3/3/8
Is cuda available?: True
3
Carla server crashed
Carla server crashed
Carla server crashed
Carla server crashed
Carla server crashed
Carla server crashed
Server 0 terminated
Server 1 terminated
Server 2 terminated
Server 3 terminated
Server 4 terminated
Server 6 terminated
Server 5 terminated
Server 7 terminated
Server 8 terminated
Server 9 terminated
Server 10 terminated
Server 11 terminated
Server 12 terminated
Server 13 terminated
Server 14 terminated
Server 15 terminated
Server 16 terminated
Server 29 terminated
Server 17 terminated
Server 19 terminated
Server 21 terminated
Server 22 terminated
Server 26 terminated
Server 18 terminated
Server 31 terminated
Server 20 terminated
Server 25 terminated
Server 28 terminated
Server 24 terminated
Server 27 terminated
Server 23 terminated
Server 30 terminated
Leaderboard 0 is hanging and did not terminate
Leaderboard 1 is hanging and did not terminate
Leaderboard 2 is hanging and did not terminate
Leaderboard 3 is hanging and did not terminate
Leaderboard 4 is hanging and did not terminate
Leaderboard 5 is hanging and did not terminate
Leaderboard 6 is hanging and did not terminate
Leaderboard 7 is hanging and did not terminate
Leaderboard 8 is hanging and did not terminate
Leaderboard 9 is hanging and did not terminate
Leaderboard 10 is hanging and did not terminate
Leaderboard 11 is hanging and did not terminate
Leaderboard 12 is hanging and did not terminate
Leaderboard 13 is hanging and did not terminate
Leaderboard 14 is hanging and did not terminate
Leaderboard 15 is hanging and did not terminate
Leaderboard 16 is hanging and did not terminate
Leaderboard 17 is hanging and did not terminate
Leaderboard 18 is hanging and did not terminate
Leaderboard 19 is hanging and did not terminate
Leaderboard 20 is hanging and did not terminate
Leaderboard 21 is hanging and did not terminate
Leaderboard 22 is hanging and did not terminate
Leaderboard 23 is hanging and did not terminate
Leaderboard 24 is hanging and did not terminate
Leaderboard 25 is hanging and did not terminate
Leaderboard 26 is hanging and did not terminate
Leaderboard 27 is hanging and did not terminate
Leaderboard 28 is hanging and did not terminate
Leaderboard 29 is hanging and did not terminate
Leaderboard 30 is hanging and did not terminate
Leaderboard 31 is hanging and did not terminate
Process finished: None
Start server 0
Start client 0
Start server 1
Start client 1
Start server 2
Start client 2
Start server 3
Start client 3
Start server 4
Start client 4
Start server 5
Start client 5
Start server 6
Start client 6
Start server 7
Start client 7
Start server 8
Start client 8
Start server 9
Start client 9
Start server 10
Start client 10
Start server 11
Start client 11
Start server 12
Start client 12
Start server 13
Start client 13
Start server 14
Start client 14
Start server 15
Start client 15
Start server 16
Start client 16
Start server 17
Start client 17
Start server 18
Start client 18
Start server 19
Start client 19
Start server 20
Start client 20
Start server 21
Start client 21
Start server 22
Start client 22
Start server 23
Start client 23
Start server 24
Start client 24
Start server 25
Start client 25
Start server 26
Start client 26
Start server 27
Start client 27
Start server 28
Start client 28
Start server 29
Start client 29
Start server 30
Start client 30
Start server 31
Start client 31
Unkown Arguments ['--repo_root', '/cluster/home/erikhbj/master/master-spring-ad-lead', '--git_root', '/cluster/home/erikhbj/master/master-spring-ad-lead/3rd_party/CaRL/CARLA', '--carla_root', '/cluster/home/erikhbj/master/master-spring-ad-lead/3rd_party/CARLA_0915', '--log_root', '/cluster/home/erikhbj/master/master-spring-ad-lead/outputs/rl_logs', '--num_envs_per_node', '32', '--num_envs_per_gpu', '4', '--num_nodes', '1', '--node_id', '0', '--rdzv_port', '29500', '--start_port', '1024', '--train_towns', '1', '2', '3', '4', '5', '6', '7', '10', '1', '2', '3', '4', '5', '6', '7', '10', '1', '2', '3', '4', '5', '6', '7', '10', '1', '2', '3', '4', '5', '6', '7', '10', '--routes_folder', '1000_meters_old_scenarios_02', '--route_repetitions', '100', '--frame_rate', '10.0', '--timeout', '900.0', '--runtime_timeout', '900.0', '--carla_rpc_threads', '8', '--carla_streaming_threads', '8', '--carla_secondary_threads', '8', '--leaderboard_debug', '0', '--ml_cloud', '0', '--use_traj_sync_ppo', '0', '--debug', '0']
RANK, LOCAL_RANK and WORLD_SIZE in environ: 7/7/8
Is cuda available?: True
7
Unkown Arguments ['--repo_root', '/cluster/home/erikhbj/master/master-spring-ad-lead', '--git_root', '/cluster/home/erikhbj/master/master-spring-ad-lead/3rd_party/CaRL/CARLA', '--carla_root', '/cluster/home/erikhbj/master/master-spring-ad-lead/3rd_party/CARLA_0915', '--log_root', '/cluster/home/erikhbj/master/master-spring-ad-lead/outputs/rl_logs', '--num_envs_per_node', '32', '--num_envs_per_gpu', '4', '--num_nodes', '1', '--node_id', '0', '--rdzv_port', '29500', '--start_port', '1024', '--train_towns', '1', '2', '3', '4', '5', '6', '7', '10', '1', '2', '3', '4', '5', '6', '7', '10', '1', '2', '3', '4', '5', '6', '7', '10', '1', '2', '3', '4', '5', '6', '7', '10', '--routes_folder', '1000_meters_old_scenarios_02', '--route_repetitions', '100', '--frame_rate', '10.0', '--timeout', '900.0', '--runtime_timeout', '900.0', '--carla_rpc_threads', '8', '--carla_streaming_threads', '8', '--carla_secondary_threads', '8', '--leaderboard_debug', '0', '--ml_cloud', '0', '--use_traj_sync_ppo', '0', '--debug', '0']
RANK, LOCAL_RANK and WORLD_SIZE in environ: 0/0/8
Is cuda available?: True
0
Unkown Arguments ['--repo_root', '/cluster/home/erikhbj/master/master-spring-ad-lead', '--git_root', '/cluster/home/erikhbj/master/master-spring-ad-lead/3rd_party/CaRL/CARLA', '--carla_root', '/cluster/home/erikhbj/master/master-spring-ad-lead/3rd_party/CARLA_0915', '--log_root', '/cluster/home/erikhbj/master/master-spring-ad-lead/outputs/rl_logs', '--num_envs_per_node', '32', '--num_envs_per_gpu', '4', '--num_nodes', '1', '--node_id', '0', '--rdzv_port', '29500', '--start_port', '1024', '--train_towns', '1', '2', '3', '4', '5', '6', '7', '10', '1', '2', '3', '4', '5', '6', '7', '10', '1', '2', '3', '4', '5', '6', '7', '10', '1', '2', '3', '4', '5', '6', '7', '10', '--routes_folder', '1000_meters_old_scenarios_02', '--route_repetitions', '100', '--frame_rate', '10.0', '--timeout', '900.0', '--runtime_timeout', '900.0', '--carla_rpc_threads', '8', '--carla_streaming_threads', '8', '--carla_secondary_threads', '8', '--leaderboard_debug', '0', '--ml_cloud', '0', '--use_traj_sync_ppo', '0', '--debug', '0']
RANK, LOCAL_RANK and WORLD_SIZE in environ: 1/1/8
Is cuda available?: True
1
Unkown Arguments ['--repo_root', '/cluster/home/erikhbj/master/master-spring-ad-lead', '--git_root', '/cluster/home/erikhbj/master/master-spring-ad-lead/3rd_party/CaRL/CARLA', '--carla_root', '/cluster/home/erikhbj/master/master-spring-ad-lead/3rd_party/CARLA_0915', '--log_root', '/cluster/home/erikhbj/master/master-spring-ad-lead/outputs/rl_logs', '--num_envs_per_node', '32', '--num_envs_per_gpu', '4', '--num_nodes', '1', '--node_id', '0', '--rdzv_port', '29500', '--start_port', '1024', '--train_towns', '1', '2', '3', '4', '5', '6', '7', '10', '1', '2', '3', '4', '5', '6', '7', '10', '1', '2', '3', '4', '5', '6', '7', '10', '1', '2', '3', '4', '5', '6', '7', '10', '--routes_folder', '1000_meters_old_scenarios_02', '--route_repetitions', '100', '--frame_rate', '10.0', '--timeout', '900.0', '--runtime_timeout', '900.0', '--carla_rpc_threads', '8', '--carla_streaming_threads', '8', '--carla_secondary_threads', '8', '--leaderboard_debug', '0', '--ml_cloud', '0', '--use_traj_sync_ppo', '0', '--debug', '0']
RANK, LOCAL_RANK and WORLD_SIZE in environ: 4/4/8
Is cuda available?: True
4
Unkown Arguments ['--repo_root', '/cluster/home/erikhbj/master/master-spring-ad-lead', '--git_root', '/cluster/home/erikhbj/master/master-spring-ad-lead/3rd_party/CaRL/CARLA', '--carla_root', '/cluster/home/erikhbj/master/master-spring-ad-lead/3rd_party/CARLA_0915', '--log_root', '/cluster/home/erikhbj/master/master-spring-ad-lead/outputs/rl_logs', '--num_envs_per_node', '32', '--num_envs_per_gpu', '4', '--num_nodes', '1', '--node_id', '0', '--rdzv_port', '29500', '--start_port', '1024', '--train_towns', '1', '2', '3', '4', '5', '6', '7', '10', '1', '2', '3', '4', '5', '6', '7', '10', '1', '2', '3', '4', '5', '6', '7', '10', '1', '2', '3', '4', '5', '6', '7', '10', '--routes_folder', '1000_meters_old_scenarios_02', '--route_repetitions', '100', '--frame_rate', '10.0', '--timeout', '900.0', '--runtime_timeout', '900.0', '--carla_rpc_threads', '8', '--carla_streaming_threads', '8', '--carla_secondary_threads', '8', '--leaderboard_debug', '0', '--ml_cloud', '0', '--use_traj_sync_ppo', '0', '--debug', '0']
RANK, LOCAL_RANK and WORLD_SIZE in environ: 3/3/8
Is cuda available?: True
3
Unkown Arguments ['--repo_root', '/cluster/home/erikhbj/master/master-spring-ad-lead', '--git_root', '/cluster/home/erikhbj/master/master-spring-ad-lead/3rd_party/CaRL/CARLA', '--carla_root', '/cluster/home/erikhbj/master/master-spring-ad-lead/3rd_party/CARLA_0915', '--log_root', '/cluster/home/erikhbj/master/master-spring-ad-lead/outputs/rl_logs', '--num_envs_per_node', '32', '--num_envs_per_gpu', '4', '--num_nodes', '1', '--node_id', '0', '--rdzv_port', '29500', '--start_port', '1024', '--train_towns', '1', '2', '3', '4', '5', '6', '7', '10', '1', '2', '3', '4', '5', '6', '7', '10', '1', '2', '3', '4', '5', '6', '7', '10', '1', '2', '3', '4', '5', '6', '7', '10', '--routes_folder', '1000_meters_old_scenarios_02', '--route_repetitions', '100', '--frame_rate', '10.0', '--timeout', '900.0', '--runtime_timeout', '900.0', '--carla_rpc_threads', '8', '--carla_streaming_threads', '8', '--carla_secondary_threads', '8', '--leaderboard_debug', '0', '--ml_cloud', '0', '--use_traj_sync_ppo', '0', '--debug', '0']
RANK, LOCAL_RANK and WORLD_SIZE in environ: 5/5/8
Is cuda available?: True
5
Unkown Arguments ['--repo_root', '/cluster/home/erikhbj/master/master-spring-ad-lead', '--git_root', '/cluster/home/erikhbj/master/master-spring-ad-lead/3rd_party/CaRL/CARLA', '--carla_root', '/cluster/home/erikhbj/master/master-spring-ad-lead/3rd_party/CARLA_0915', '--log_root', '/cluster/home/erikhbj/master/master-spring-ad-lead/outputs/rl_logs', '--num_envs_per_node', '32', '--num_envs_per_gpu', '4', '--num_nodes', '1', '--node_id', '0', '--rdzv_port', '29500', '--start_port', '1024', '--train_towns', '1', '2', '3', '4', '5', '6', '7', '10', '1', '2', '3', '4', '5', '6', '7', '10', '1', '2', '3', '4', '5', '6', '7', '10', '1', '2', '3', '4', '5', '6', '7', '10', '--routes_folder', '1000_meters_old_scenarios_02', '--route_repetitions', '100', '--frame_rate', '10.0', '--timeout', '900.0', '--runtime_timeout', '900.0', '--carla_rpc_threads', '8', '--carla_streaming_threads', '8', '--carla_secondary_threads', '8', '--leaderboard_debug', '0', '--ml_cloud', '0', '--use_traj_sync_ppo', '0', '--debug', '0']
RANK, LOCAL_RANK and WORLD_SIZE in environ: 2/2/8
Is cuda available?: True
2
Unkown Arguments ['--repo_root', '/cluster/home/erikhbj/master/master-spring-ad-lead', '--git_root', '/cluster/home/erikhbj/master/master-spring-ad-lead/3rd_party/CaRL/CARLA', '--carla_root', '/cluster/home/erikhbj/master/master-spring-ad-lead/3rd_party/CARLA_0915', '--log_root', '/cluster/home/erikhbj/master/master-spring-ad-lead/outputs/rl_logs', '--num_envs_per_node', '32', '--num_envs_per_gpu', '4', '--num_nodes', '1', '--node_id', '0', '--rdzv_port', '29500', '--start_port', '1024', '--train_towns', '1', '2', '3', '4', '5', '6', '7', '10', '1', '2', '3', '4', '5', '6', '7', '10', '1', '2', '3', '4', '5', '6', '7', '10', '1', '2', '3', '4', '5', '6', '7', '10', '--routes_folder', '1000_meters_old_scenarios_02', '--route_repetitions', '100', '--frame_rate', '10.0', '--timeout', '900.0', '--runtime_timeout', '900.0', '--carla_rpc_threads', '8', '--carla_streaming_threads', '8', '--carla_secondary_threads', '8', '--leaderboard_debug', '0', '--ml_cloud', '0', '--use_traj_sync_ppo', '0', '--debug', '0']
RANK, LOCAL_RANK and WORLD_SIZE in environ: 6/6/8
Is cuda available?: True
6
Carla server crashed
Carla server crashed
Carla server crashed
Carla server crashed
Carla server crashed
Server 0 terminated
Server 1 terminated
Server 2 terminated
Server 3 terminated
Server 4 terminated
Server 5 terminated
Server 6 terminated
Server 7 terminated
Server 8 terminated
Server 9 terminated
Server 10 terminated
Server 13 terminated
Server 11 terminated
Server 12 terminated
Server 14 terminated
Server 15 terminated
Server 17 terminated
Server 18 terminated
Server 16 terminated
Server 19 terminated
